// Jest Snapshot v1, https://goo.gl/fbAQLP

exports[`basics.hbs 1`] = `
====================================options=====================================
parsers: ["glimmer"]
printWidth: 80
                                                                                | printWidth
=====================================input======================================
<input name=address maxlength=200>
<input name='address' maxlength='200'>
<input name="address" maxlength="200">
<div class="foo"></div>
<div   class="foo"   ></div>
<div class="foo bar"></div>
<div class="foo bar" id="header"></div>
<div   class="foo bar"   id="header"   ></div>
<div data-prettier></div>
<div data-prettier="true"></div>
<meta property="og:description" content="The Mozilla Developer Network (MDN) provides
information about Open Web technologies including HTML, CSS, and APIs for both Web sites
and HTML5 Apps. It also documents Mozilla products, like Firefox OS.">
<div attribute>String</div>
<div attribute="">String</div>
<div attribute=''>String</div>
<div attribute >String</div>
<div attribute = "" >String</div>
<div attribute = '' >String</div>
<div  attribute  >String</div>
<div  attribute  =  ""  >String</div>
<div  attribute  =  ''  >String</div>
<div attribute="attribute = attribute"></div>
<div ATTRIBUTE>String</div>
<div ATTRIBUTE="">String</div>
<div ATTRIBUTE=''>String</div>

=====================================output=====================================
<input name="address" maxlength="200" />
<input name="address" maxlength="200" />
<input name="address" maxlength="200" />
<div class="foo"></div>
<div class="foo"></div>
<div class="foo bar"></div>
<div class="foo bar" id="header"></div>
<div class="foo bar" id="header"></div>
<div data-prettier></div>
<div data-prettier="true"></div>
<meta
  property="og:description"
  content="The Mozilla Developer Network (MDN) provides
information about Open Web technologies including HTML, CSS, and APIs for both Web sites
and HTML5 Apps. It also documents Mozilla products, like Firefox OS."
/>
<div attribute>
  String
</div>
<div attribute="">
  String
</div>
<div attribute="">
  String
</div>
<div attribute>
  String
</div>
<div attribute="">
  String
</div>
<div attribute="">
  String
</div>
<div attribute>
  String
</div>
<div attribute="">
  String
</div>
<div attribute="">
  String
</div>
<div attribute="attribute = attribute"></div>
<div ATTRIBUTE>
  String
</div>
<div ATTRIBUTE="">
  String
</div>
<div ATTRIBUTE="">
  String
</div>
================================================================================
`;

exports[`basics.hbs 2`] = `
====================================options=====================================
parsers: ["glimmer"]
printWidth: 80
singleQuote: true
                                                                                | printWidth
=====================================input======================================
<input name=address maxlength=200>
<input name='address' maxlength='200'>
<input name="address" maxlength="200">
<div class="foo"></div>
<div   class="foo"   ></div>
<div class="foo bar"></div>
<div class="foo bar" id="header"></div>
<div   class="foo bar"   id="header"   ></div>
<div data-prettier></div>
<div data-prettier="true"></div>
<meta property="og:description" content="The Mozilla Developer Network (MDN) provides
information about Open Web technologies including HTML, CSS, and APIs for both Web sites
and HTML5 Apps. It also documents Mozilla products, like Firefox OS.">
<div attribute>String</div>
<div attribute="">String</div>
<div attribute=''>String</div>
<div attribute >String</div>
<div attribute = "" >String</div>
<div attribute = '' >String</div>
<div  attribute  >String</div>
<div  attribute  =  ""  >String</div>
<div  attribute  =  ''  >String</div>
<div attribute="attribute = attribute"></div>
<div ATTRIBUTE>String</div>
<div ATTRIBUTE="">String</div>
<div ATTRIBUTE=''>String</div>

=====================================output=====================================
<input name='address' maxlength='200' />
<input name='address' maxlength='200' />
<input name='address' maxlength='200' />
<div class='foo'></div>
<div class='foo'></div>
<div class='foo bar'></div>
<div class='foo bar' id='header'></div>
<div class='foo bar' id='header'></div>
<div data-prettier></div>
<div data-prettier='true'></div>
<meta
  property='og:description'
  content='The Mozilla Developer Network (MDN) provides
information about Open Web technologies including HTML, CSS, and APIs for both Web sites
and HTML5 Apps. It also documents Mozilla products, like Firefox OS.'
/>
<div attribute>
  String
</div>
<div attribute=''>
  String
</div>
<div attribute=''>
  String
</div>
<div attribute>
  String
</div>
<div attribute=''>
  String
</div>
<div attribute=''>
  String
</div>
<div attribute>
  String
</div>
<div attribute=''>
  String
</div>
<div attribute=''>
  String
</div>
<div attribute='attribute = attribute'></div>
<div ATTRIBUTE>
  String
</div>
<div ATTRIBUTE=''>
  String
</div>
<div ATTRIBUTE=''>
  String
</div>
================================================================================
`;

exports[`brackets.hbs 1`] = `
====================================options=====================================
parsers: ["glimmer"]
printWidth: 80
                                                                                | printWidth
=====================================input======================================
<div title='My title'></div>
<div title="My title"></div>
<div title='My "title"'></div>
<div title="My other 'title'"></div>

=====================================output=====================================
<div title="My title"></div>
<div title="My title"></div>
<div title='My "title"'></div>
<div title="My other 'title'"></div>
================================================================================
`;

exports[`brackets.hbs 2`] = `
====================================options=====================================
parsers: ["glimmer"]
printWidth: 80
singleQuote: true
                                                                                | printWidth
=====================================input======================================
<div title='My title'></div>
<div title="My title"></div>
<div title='My "title"'></div>
<div title="My other 'title'"></div>

=====================================output=====================================
<div title='My title'></div>
<div title='My title'></div>
<div title='My "title"'></div>
<div title="My other 'title'"></div>
================================================================================
`;
