// Jest Snapshot v1, https://goo.gl/fbAQLP

exports[`basics.hbs 1`] = `
====================================options=====================================
parsers: ["glimmer"]
printWidth: 80
                                                                                | printWidth
=====================================input======================================
<GlimmerComponent @progress={{aPropertyEngdingAfterEightiethColumnToHighlightAWeirdClosingParenIssue}}
/>

<div>
  {{t "a-long-translation-key-with-param" firstParam=(format this.amount) secondParam=(format this.secondAmount)}}
</div>

=====================================output=====================================
<GlimmerComponent
  @progress={{aPropertyEngdingAfterEightiethColumnToHighlightAWeirdClosingParenIssue}}
/>

<div>
  {{t
    "a-long-translation-key-with-param"
    firstParam=(format this.amount)
    secondParam=(format this.secondAmount)
  }}
</div>
================================================================================
`;

exports[`basics.hbs 2`] = `
====================================options=====================================
parsers: ["glimmer"]
printWidth: 80
singleQuote: true
                                                                                | printWidth
=====================================input======================================
<GlimmerComponent @progress={{aPropertyEngdingAfterEightiethColumnToHighlightAWeirdClosingParenIssue}}
/>

<div>
  {{t "a-long-translation-key-with-param" firstParam=(format this.amount) secondParam=(format this.secondAmount)}}
</div>

=====================================output=====================================
<GlimmerComponent
  @progress={{aPropertyEngdingAfterEightiethColumnToHighlightAWeirdClosingParenIssue}}
/>

<div>
  {{t
    'a-long-translation-key-with-param'
    firstParam=(format this.amount)
    secondParam=(format this.secondAmount)
  }}
</div>
================================================================================
`;

exports[`element-modifier-statement.hbs 1`] = `
====================================options=====================================
parsers: ["glimmer"]
printWidth: 80
                                                                                | printWidth
=====================================input======================================
<div {{hello param hash=key}} {{goodbye param}}>
  Hello
</div>

<div {{hello param param param param param param param param param param param param}}>
  Hello
</div>

<div {{hello hashPair=value hashPair=value hashPair=value hashPair=value hashPair=value}}>
  Hello
</div>

<div {{hello param param param param hashPair=value hashPair=value hashPair=value hashPair=value hashPair=value}}>
  Hello
</div>

=====================================output=====================================
<div {{hello param hash=key}} {{goodbye param}}>
  Hello
</div>

<div
  {{hello
    param
    param
    param
    param
    param
    param
    param
    param
    param
    param
    param
    param
  }}
>
  Hello
</div>

<div
  {{hello
    hashPair=value
    hashPair=value
    hashPair=value
    hashPair=value
    hashPair=value
  }}
>
  Hello
</div>

<div
  {{hello
    param
    param
    param
    param
    hashPair=value
    hashPair=value
    hashPair=value
    hashPair=value
    hashPair=value
  }}
>
  Hello
</div>
================================================================================
`;

exports[`element-modifier-statement.hbs 2`] = `
====================================options=====================================
parsers: ["glimmer"]
printWidth: 80
singleQuote: true
                                                                                | printWidth
=====================================input======================================
<div {{hello param hash=key}} {{goodbye param}}>
  Hello
</div>

<div {{hello param param param param param param param param param param param param}}>
  Hello
</div>

<div {{hello hashPair=value hashPair=value hashPair=value hashPair=value hashPair=value}}>
  Hello
</div>

<div {{hello param param param param hashPair=value hashPair=value hashPair=value hashPair=value hashPair=value}}>
  Hello
</div>

=====================================output=====================================
<div {{hello param hash=key}} {{goodbye param}}>
  Hello
</div>

<div
  {{hello
    param
    param
    param
    param
    param
    param
    param
    param
    param
    param
    param
    param
  }}
>
  Hello
</div>

<div
  {{hello
    hashPair=value
    hashPair=value
    hashPair=value
    hashPair=value
    hashPair=value
  }}
>
  Hello
</div>

<div
  {{hello
    param
    param
    param
    param
    hashPair=value
    hashPair=value
    hashPair=value
    hashPair=value
    hashPair=value
  }}
>
  Hello
</div>
================================================================================
`;
